[15:11:19] [ServerMain/INFO]: [bootstrap] Running Java 25 (OpenJDK 64-Bit Server VM 25.0.3+9-LTS; Eclipse Adoptium Temurin-25.0.3+9) on Windows 11 10.0 (amd64)
[15:11:19] [ServerMain/INFO]: [bootstrap] Loading Paper 26.1.2-60-main@b4682bf (2026-05-04T06:25:04Z) for Minecraft 26.1.2
[15:11:20] [ServerMain/INFO]: [PluginInitializerManager] Initializing plugins...
[15:11:21] [ServerMain/INFO]: [PluginInitializerManager] Initialized 1 plugin
[15:11:21] [ServerMain/INFO]: [PluginInitializerManager] Bukkit plugins (1):
 - NoSpearEnchant (1.0.1)
[15:11:25] [ServerMain/INFO]: Environment: Environment[sessionHost=https://sessionserver.mojang.com, servicesHost=https://api.minecraftservices.com, profilesHost=https://api.mojang.com, name=PROD]
[15:11:27] [ServerMain/INFO]: Loaded 1515 recipes
[15:11:27] [ServerMain/INFO]: Loaded 1617 advancements
[15:11:27] [ServerMain/INFO]: [ca.spottedleaf.dataconverter.minecraft.datatypes.MCTypeRegistry] Initialising converters for DataConverter...
[15:11:27] [ServerMain/INFO]: [ca.spottedleaf.dataconverter.minecraft.datatypes.MCTypeRegistry] Finished initialising converters for DataConverter in 320,9ms
[15:11:27] [Server thread/INFO]: Starting minecraft server version 26.1.2
[15:11:27] [Server thread/INFO]: Loading properties
[15:11:27] [Server thread/INFO]: This server is running Paper version 26.1.2-60-main@b4682bf (2026-05-04T06:25:04Z) (Implementing API version 26.1.2.build.60-stable)
[15:11:27] [Server thread/INFO]: [spark] This server bundles the spark profiler. For more information please visit https://docs.papermc.io/paper/profiling
[15:11:27] [Server thread/INFO]: Server Ping Player Sample Count: 12
[15:11:27] [Server thread/INFO]: Using 4 threads for Netty based IO
[15:11:27] [Server thread/INFO]: [MoonriseCommon] Paper is using 3 worker threads, 1 I/O threads
[15:11:28] [Server thread/INFO]: Default game type: SURVIVAL
[15:11:28] [Server thread/INFO]: Generating keypair
[15:11:28] [Server thread/INFO]: Starting Minecraft server on *:25565
[15:11:28] [Server thread/INFO]: Paper: Using Java compression from Velocity.
[15:11:28] [Server thread/INFO]: Paper: Using Java cipher from Velocity.
[15:11:28] [Server thread/INFO]: [NoSpearEnchant] Loading server plugin NoSpearEnchant v1.0.1
[15:11:28] [Server thread/INFO]: Server permissions file permissions.yml is empty, ignoring it
[15:11:28] [Server thread/INFO]: Preparing level "world"
[15:11:28] [Server thread/INFO]: Loading 0 persistent chunks for level 'minecraft:overworld'...
[15:11:28] [Server thread/INFO]: Prepared spawn area in 1 ms
[15:11:28] [Server thread/INFO]: Loading 0 persistent chunks for level 'minecraft:the_nether'...
[15:11:28] [Server thread/INFO]: Preparing spawn area: 100%
[15:11:28] [Server thread/INFO]: Prepared spawn area in 2 ms
[15:11:28] [Server thread/INFO]: Loading 0 persistent chunks for level 'minecraft:the_end'...
[15:11:28] [Server thread/INFO]: Prepared spawn area in 1 ms
[15:11:28] [Server thread/INFO]: Done preparing level "world" (0.448s)
[15:11:28] [Server thread/INFO]: [NoSpearEnchant] Enabling NoSpearEnchant v1.0.1
[15:11:29] [Server thread/INFO]: [spark] Starting background profiler...
[15:11:29] [Server thread/INFO]: [spark] The async-profiler engine is not supported for your os/arch (windows11/amd64), so the built-in Java engine will be used instead.
[15:11:29] [Server thread/INFO]: Saving chunks for level 'ServerLevel[world]'/minecraft:overworld
[15:11:29] [Server thread/INFO]: Saving chunks for level 'ServerLevel[world]'/minecraft:the_nether
[15:11:29] [Server thread/INFO]: Saving chunks for level 'ServerLevel[world]'/minecraft:the_end
[15:11:29] [Server thread/INFO]: ThreadedAnvilChunkStorage (world): All chunks are saved
[15:11:29] [Server thread/INFO]: ThreadedAnvilChunkStorage (DIM-1): All chunks are saved
[15:11:29] [Server thread/INFO]: ThreadedAnvilChunkStorage (DIM1): All chunks are saved
[15:11:29] [Server thread/INFO]: ThreadedAnvilChunkStorage: All dimensions are saved
[15:11:29] [Server thread/INFO]: Running delayed init tasks
[15:11:29] [Server thread/INFO]: Done (10.297s)! For help, type "help"
[15:11:33] [User Authenticator #0/INFO]: UUID of player Hasumaki is e55260d9-5b27-4587-9a08-d04162fd03ea
[15:11:34] [Server thread/INFO]: Hasumaki joined the game
[15:11:34] [Server thread/INFO]: Hasumaki[/127.0.0.1:55350] logged in with entity id 63 at ([minecraft:overworld]-479.81946471012037, 70.0, 284.5251905114452)
[15:11:39] [Server thread/INFO]: Hasumaki issued server command: /help
[15:11:47] [Server thread/INFO]: Hasumaki issued server command: /plugins
[15:11:49] [Server thread/INFO]: Hasumaki issued server command: /version NoSpearEnchant
[15:11:56] [Server thread/INFO]: Hasumaki lost connection: Disconnected
[15:11:56] [Server thread/INFO]: Hasumaki left the game
[15:11:58] [User Authenticator #1/INFO]: UUID of player Hasumaki is e55260d9-5b27-4587-9a08-d04162fd03ea
[15:11:58] [Server thread/INFO]: Hasumaki joined the game
[15:11:58] [Server thread/INFO]: Hasumaki[/127.0.0.1:55355] logged in with entity id 216 at ([minecraft:overworld]-479.81946471012037, 70.0, 284.5251905114452)
[15:12:31] [Server thread/INFO]: Hasumaki lost connection: Disconnected
[15:12:31] [Server thread/INFO]: Hasumaki left the game
